cargo :     Checking zent-be v0.1.0 (D:\Ryan\App_project\Zent\Zent-BE)
At line:1 char:1
+ cargo check -p zent-be --message-format=short --color never 2> errors ...
+ ~~~~~~~~~~~~~~~~~~~~~~~~~~~~~~~~~~~~~~~~~~~~~~~~~~~~~~~~~~~~~~~~~~~~~
    + CategoryInfo          : NotSpecified: (    Checking ze...t\Zent\Zent-BE):String) [], RemoteException
    + FullyQualifiedErrorId : NativeCommandError
 
src\services\v1\product\get_product_detail.rs:2:5: warning: unused import: `uuid::Uuid`
src\services\v1\product\get_product_list.rs:2:5: warning: unused import: `uuid::Uuid`
src\services\v1\work_order\my_work_order_service.rs:38:38: error[E0599]: no variant or associated item named 
`TechnicianId` found for enum `work_orders::Column` in the current scope: variant or associated item not found in 
`work_orders::Column`
src\services\v1\work_order\create_work_order_service.rs:38:20: error[E0308]: mismatched types: expected 
`Option<String>`, found `String`
src\services\v1\work_order\create_work_order_service.rs:39:27: error[E0308]: mismatched types: expected 
`Option<String>`, found `String`
src\services\v1\work_order\create_work_order_service.rs:45:23: error[E0308]: mismatched types: expected 
`Option<String>`, found `String`
src\services\v1\work_order\create_work_order_service.rs:47:9: error[E0560]: struct `work_orders::ActiveModel` has no 
field named `reference_ticket`: unknown field
src\services\v1\work_order\create_work_order_service.rs:51:9: error[E0560]: struct `work_orders::ActiveModel` has no 
field named `admin_id`: `work_orders::ActiveModel` does not have this field
src\services\v1\work_order\create_work_order_service.rs:53:9: error[E0560]: struct `work_orders::ActiveModel` has no 
field named `technician_id`: `work_orders::ActiveModel` does not have this field
src\services\v1\work_order\create_work_order_service.rs:54:9: error[E0560]: struct `work_orders::ActiveModel` has no 
field named `complete_form_id`: `work_orders::ActiveModel` does not have this field
src\services\v1\work_order\create_work_order_service.rs:55:9: error[E0560]: struct `work_orders::ActiveModel` has no 
field named `reject_reason`: `work_orders::ActiveModel` does not have this field
src\services\v1\work_order\create_work_order_service.rs:69:16: error[E0308]: mismatched types: expected `String`, 
found `Option<String>`
src\services\v1\work_order\create_work_order_service.rs:70:23: error[E0308]: mismatched types: expected `String`, 
found `Option<String>`
src\services\v1\work_order\create_work_order_service.rs:76:19: error[E0308]: mismatched types: expected `String`, 
found `Option<String>`
src\services\v1\work_order\create_work_order_service.rs:78:33: error[E0609]: no field `reference_ticket` on type 
`work_orders::Model`: unknown field
src\services\v1\work_order\create_work_order_service.rs:82:25: error[E0609]: no field `admin_id` on type 
`work_orders::Model`: unknown field
src\services\v1\work_order\create_work_order_service.rs:84:30: error[E0609]: no field `technician_id` on type 
`work_orders::Model`: unknown field
src\services\v1\work_order\create_work_order_service.rs:85:33: error[E0609]: no field `complete_form_id` on type 
`work_orders::Model`: unknown field
src\services\v1\work_order\create_work_order_service.rs:86:30: error[E0609]: no field `reject_reason` on type 
`work_orders::Model`: unknown field
src\services\v1\work_order\create_work_order_service.rs:107:9: error[E0560]: struct 
`work_order_closing_forms::ActiveModel` has no field named `work_order_counting`: 
`work_order_closing_forms::ActiveModel` does not have this field
src\services\v1\work_order\create_work_order_service.rs:108:9: error[E0560]: struct 
`work_order_closing_forms::ActiveModel` has no field named `mtm`: `work_order_closing_forms::ActiveModel` does not 
have this field
src\services\v1\work_order\create_work_order_service.rs:109:9: error[E0560]: struct 
`work_order_closing_forms::ActiveModel` has no field named `serial_number`: `work_order_closing_forms::ActiveModel` 
does not have this field
src\services\v1\work_order\create_work_order_service.rs:122:36: error[E0609]: no field `work_order_counting` on type 
`work_order_closing_forms::Model`: unknown field
src\services\v1\work_order\create_work_order_service.rs:123:20: error[E0609]: no field `mtm` on type 
`work_order_closing_forms::Model`: unknown field
src\services\v1\work_order\create_work_order_service.rs:124:30: error[E0609]: no field `serial_number` on type 
`work_order_closing_forms::Model`: unknown field
src\services\v1\work_order\warranty_service.rs:27:43: error[E0599]: `chrono::DateTime<Utc>` is not an iterator: 
`chrono::DateTime<Utc>` is not an iterator
src\services\v1\work_order\warranty_service.rs:27:48: error[E0282]: type annotations needed
src\services\v1\work_order\warranty_service.rs:28:41: error[E0609]: no field `warranty_status` on type 
`warranties::Model`: unknown field
src\services\v1\product\get_product_detail.rs:25:33: error[E0609]: no field `model_id` on type `products::Model`: 
unknown field
src\services\v1\work_order\my_work_order_service.rs:64:16: error[E0308]: mismatched types: expected `String`, found 
`Option<String>`
src\services\v1\work_order\my_work_order_service.rs:65:23: error[E0308]: mismatched types: expected `String`, found 
`Option<String>`
src\services\v1\work_order\my_work_order_service.rs:71:19: error[E0308]: mismatched types: expected `String`, found 
`Option<String>`
src\services\v1\work_order\my_work_order_service.rs:73:33: error[E0609]: no field `reference_ticket` on type 
`work_orders::Model`: unknown field
src\services\v1\work_order\my_work_order_service.rs:77:25: error[E0609]: no field `admin_id` on type 
`work_orders::Model`: unknown field
src\services\v1\work_order\my_work_order_service.rs:79:30: error[E0609]: no field `technician_id` on type 
`work_orders::Model`: unknown field
src\services\v1\work_order\my_work_order_service.rs:80:33: error[E0609]: no field `complete_form_id` on type 
`work_orders::Model`: unknown field
src\services\v1\work_order\my_work_order_service.rs:81:30: error[E0609]: no field `reject_reason` on type 
`work_orders::Model`: unknown field
src\services\v1\work_order\my_work_order_service.rs:92:16: error[E0308]: mismatched types: expected `String`, found 
`Option<String>`
src\services\v1\work_order\my_work_order_service.rs:93:23: error[E0308]: mismatched types: expected `String`, found 
`Option<String>`
src\services\v1\work_order\my_work_order_service.rs:99:19: error[E0308]: mismatched types: expected `String`, found 
`Option<String>`
src\services\v1\work_order\my_work_order_service.rs:101:33: error[E0609]: no field `reference_ticket` on type 
`work_orders::Model`: unknown field
src\services\v1\work_order\my_work_order_service.rs:105:25: error[E0609]: no field `admin_id` on type 
`work_orders::Model`: unknown field
src\services\v1\work_order\my_work_order_service.rs:107:30: error[E0609]: no field `technician_id` on type 
`work_orders::Model`: unknown field
src\services\v1\work_order\my_work_order_service.rs:108:33: error[E0609]: no field `complete_form_id` on type 
`work_orders::Model`: unknown field
src\services\v1\work_order\my_work_order_service.rs:109:30: error[E0609]: no field `reject_reason` on type 
`work_orders::Model`: unknown field
src\services\v1\product\get_product_list.rs:44:25: error[E0609]: no field `model_id` on type `products::Model`: 
unknown field
warning: `zent-be` (lib) generated 2 warnings
error: could not compile `zent-be` (lib) due to 44 previous errors; 2 warnings emitted
